<!DOCTYPE html>
<html>
<head>
	<title>Test GConfig grunt task: Dev Environment</title>
<meta name="platform:ip" content="localhost">
<meta name="platform:port" content="9000">
<meta name="app:endpoint" content="ws://{{ip}}:{{port}}">
<meta name="gconfigMergeGrunt:foo" content="bar">
<meta name="gconfigMergeGrunt:baz" content="fuz">
<meta name="mergedfile:path" content="fixtures/gconfig.merge.json"></head>
<body>
</body>
</html>