<!DOCTYPE html>
<html>
<head>
	<title>Test GConfig grunt task: Dist Environment</title>
	<!--gconfig-->
    <meta name="platform:ip" content="10.0.2.135">
    <meta name="platform:port" content="9000">
    <meta name="platform:endpoint" content="ws/cs/endpoint">
    <meta name="platform:clientid" content="wits">
    <meta name="platform:useridid" content="goliatone">
    <meta name="app:endpoint" content="ws://{{ip}}:{{port}}/{{endpoint}}/{{clientid}}/{{exhibitid}}">
    <!--@gconfig-->
</head>
<body>
</body>
</html>